<html>
<body>
<pre>
<h1>礦ision Build Log</h1>
<h2>Tool Versions:</h2>
IDE-Version: μVision V5.29.0.0
Copyright (C) 2019 ARM Ltd and ARM Germany GmbH. All rights reserved.
License Information: aaa aaa, aa, LIC=PE7DL-0BQRS-MMY9I-TH7PI-G89H6-1XFQK
 
Tool Versions:
Toolchain:       MDK-ARM Plus  Version: 5.29.0.0
Toolchain Path:  E:\Keil5\ARM\ARMCC\Bin
C Compiler:      Armcc.exe V5.06 update 6 (build 750)
Assembler:       Armasm.exe V5.06 update 6 (build 750)
Linker/Locator:  ArmLink.exe V5.06 update 6 (build 750)
Library Manager: ArmAr.exe V5.06 update 6 (build 750)
Hex Converter:   FromElf.exe V5.06 update 6 (build 750)
CPU DLL:         SARMCM3.DLL V5.29.0.0
Dialog DLL:      DARMSTM.DLL V1.68.0.0
Target DLL:      CMSIS_AGDI.dll V1.32.0.0
Dialog DLL:      TARMSTM.DLL V1.66.0.0
 
<h2>Project:</h2>
C:\Users\HP\Desktop\ROS自主导航小车项目\差速轮\ros_diff_wheel\F103_stm32\Project\STM32F103C.uvprojx
Project File Date:  12/06/2021

<h2>Output:</h2>
*** Using Compiler 'V5.06 update 6 (build 750)', folder: 'E:\Keil5\ARM\ARMCC\Bin'
Build target 'Sentry'
assembling startup_stm32f10x_hd.s...
compiling core_cm3.c...
compiling system_stm32f10x.c...
compiling misc.c...
compiling stm32f10x_gpio.c...
compiling stm32f10x_adc.c...
compiling stm32f10x_can.c...
compiling stm32f10x_rcc.c...
compiling stm32f10x_dma.c...
compiling stm32f10x_exti.c...
compiling stm32f10x_crc.c...
compiling stm32f10x_flash.c...
compiling stm32f10x_usart.c...
compiling stm32f10x_tim.c...
compiling stm32f10x_spi.c...
compiling stm32f10x_it.c...
compiling main.c...
compiling delay.c...
compiling encoder.c...
compiling pwm.c...
..\Hardware\pwm.c(107): warning:  #1-D: last line of file ends without a newline
  }
..\Hardware\pwm.c: 1 warning, 0 errors
compiling tim.c...
compiling MPUIIC.c...
compiling mpu6050.c...
compiling uart.c...
compiling inv_mpu_dmp_motion_driver.c...
compiling Gyro.c...
compiling chassis.c...
..\User\TASK\chassis.c(266): warning:  #177-D: variable "ESP8266_send_flag"  was declared but never referenced
  static short ESP8266_send_flag=0;
..\User\TASK\chassis.c: 1 warning, 0 errors
compiling inv_mpu.c...
compiling croutine.c...
compiling Data_Dispose.c...
..\User\TASK\Data_Dispose.c(61): warning:  #177-D: variable "cmd_id"  was declared but never referenced
  	uint16_t cmd_id;//识别信息内容，暂未开启
..\User\TASK\Data_Dispose.c: 1 warning, 0 errors
compiling list.c...
compiling event_groups.c...
compiling timers.c...
compiling queue.c...
compiling heap_4.c...
compiling tasks.c...
compiling port.c...
compiling start_task.c...
compiling pid.c...
compiling Common.c...
compiling bsp_esp8266_test.c...
..\Hardware\ESP8266\bsp_esp8266_test.c(85): warning:  #177-D: variable "i"  was declared but never referenced
    uint16_t i;
..\Hardware\ESP8266\bsp_esp8266_test.c: 1 warning, 0 errors
compiling IIR.c...
compiling bsp_esp8266.c...
..\Hardware\ESP8266\bsp_esp8266.c(222): warning:  #177-D: variable "count"  was declared but never referenced
  	char count=0;
..\Hardware\ESP8266\bsp_esp8266.c: 1 warning, 0 errors
linking...
Program Size: Code=30994 RO-data=3754 RW-data=356 ZI-data=22956  
".\Objects\STM32F103C.axf" - 0 Error(s), 5 Warning(s).

<h2>Software Packages used:</h2>

Package Vendor: Keil
                http://www.keil.com/pack/Keil.STM32F1xx_DFP.2.3.0.pack
                Keil.STM32F1xx_DFP.2.3.0
                STMicroelectronics STM32F1 Series Device Support, Drivers and Examples

<h2>Collection of Component include folders:</h2>
  .\RTE\_Sentry
  C:\Users\HP\AppData\Local\Arm\Packs\Keil\STM32F1xx_DFP\2.3.0\Device\Include

<h2>Collection of Component Files used:</h2>
Build Time Elapsed:  00:00:06
</pre>
</body>
</html>
